Test Suite 'All tests' started at 2026-09-10 23:09:21.162
Test Suite 'debug.xctest' started at 2026-09-10 23:09:21.163
Test Suite 'NativeGeneralGrowthTests' started at 2026-09-10 23:09:21.163
Test Case 'NativeGeneralGrowthTests.testAwardSeparatesMilitaryHitFromKillNobility' started at 2026-09-10 23:09:21.163
Test Case 'NativeGeneralGrowthTests.testAwardSeparatesMilitaryHitFromKillNobility' passed (0.001 seconds)
Test Case 'NativeGeneralGrowthTests.testEquipmentOverridesSkillMultiplierAndBestWins' started at 2026-09-10 23:09:21.164
Test Case 'NativeGeneralGrowthTests.testEquipmentOverridesSkillMultiplierAndBestWins' passed (0.101 seconds)
Test Case 'NativeGeneralGrowthTests.testMaxLevelClearsProgress' started at 2026-09-10 23:09:21.265
Test Case 'NativeGeneralGrowthTests.testMaxLevelClearsProgress' passed (0.0 seconds)
Test Case 'NativeGeneralGrowthTests.testMilitaryDamageGainMatchesP39' started at 2026-09-10 23:09:21.265
Test Case 'NativeGeneralGrowthTests.testMilitaryDamageGainMatchesP39' passed (0.0 seconds)
Test Case 'NativeGeneralGrowthTests.testNobilityGainOnlyUsesKillInputs' started at 2026-09-10 23:09:21.265
Test Case 'NativeGeneralGrowthTests.testNobilityGainOnlyUsesKillInputs' passed (0.0 seconds)
Test Case 'NativeGeneralGrowthTests.testProgressMayCrossMultipleThresholdsExactlyLikeP39' started at 2026-09-10 23:09:21.265
Test Case 'NativeGeneralGrowthTests.testProgressMayCrossMultipleThresholdsExactlyLikeP39' passed (0.0 seconds)
Test Suite 'NativeGeneralGrowthTests' passed at 2026-09-10 23:09:21.265
	 Executed 6 tests, with 0 failures (0 unexpected) in 0.102 (0.102) seconds
Test Suite 'NativePlayerProfileGrowthRuntimeTests' started at 2026-09-10 23:09:21.265
Test Case 'NativePlayerProfileGrowthRuntimeTests.testGrowthEquipmentOverridesSkillUsingRealItemCatalog' started at 2026-09-10 23:09:21.265
Test Case 'NativePlayerProfileGrowthRuntimeTests.testGrowthEquipmentOverridesSkillUsingRealItemCatalog' passed (0.01 seconds)
Test Case 'NativePlayerProfileGrowthRuntimeTests.testRuntimeProviderSeesRankGrowthImmediately' started at 2026-09-10 23:09:21.276
Test Case 'NativePlayerProfileGrowthRuntimeTests.testRuntimeProviderSeesRankGrowthImmediately' passed (0.009 seconds)
Test Case 'NativePlayerProfileGrowthRuntimeTests.testUnownedCommanderDoesNotGainPlayerGrowth' started at 2026-09-10 23:09:21.285
Test Case 'NativePlayerProfileGrowthRuntimeTests.testUnownedCommanderDoesNotGainPlayerGrowth' passed (0.008 seconds)
Test Suite 'NativePlayerProfileGrowthRuntimeTests' passed at 2026-09-10 23:09:21.293
	 Executed 3 tests, with 0 failures (0 unexpected) in 0.027 (0.027) seconds
Test Suite 'debug.xctest' passed at 2026-09-10 23:09:21.293
	 Executed 9 tests, with 0 failures (0 unexpected) in 0.129 (0.129) seconds
Test Suite 'All tests' passed at 2026-09-10 23:09:21.293
	 Executed 9 tests, with 0 failures (0 unexpected) in 0.129 (0.129) seconds
◇ Test run started.
↳ Testing Library Version: 6.2.1 (c9d57c83568b06d)
↳ Target Platform: x86_64-unknown-linux-gnu
✔ Test run with 109 tests in 0 suites passed after 6.406 seconds.
