PASS /mnt/data/p49_work/EW4_R14_39_P49_NATIVE_CAMPAIGN_CONQUEST_OUTER_FLOW_WIP_PORT_ONLY_2026-09-11/SOURCE_NATIVE/EW4_iOS_NativePort/NativeCore/Package.swift
PASS /mnt/data/p49_work/EW4_R14_39_P49_NATIVE_CAMPAIGN_CONQUEST_OUTER_FLOW_WIP_PORT_ONLY_2026-09-11/SOURCE_NATIVE/EW4_iOS_NativePort/NativeCore/Sources/EW4NativeAudit/main.swift
PASS /mnt/data/p49_work/EW4_R14_39_P49_NATIVE_CAMPAIGN_CONQUEST_OUTER_FLOW_WIP_PORT_ONLY_2026-09-11/SOURCE_NATIVE/EW4_iOS_NativePort/NativeCore/Sources/EW4NativeCore/ArmyStatsCore.swift
PASS /mnt/data/p49_work/EW4_R14_39_P49_NATIVE_CAMPAIGN_CONQUEST_OUTER_FLOW_WIP_PORT_ONLY_2026-09-11/SOURCE_NATIVE/EW4_iOS_NativePort/NativeCore/Sources/EW4NativeCore/BattleGameplayCore.swift
PASS /mnt/data/p49_work/EW4_R14_39_P49_NATIVE_CAMPAIGN_CONQUEST_OUTER_FLOW_WIP_PORT_ONLY_2026-09-11/SOURCE_NATIVE/EW4_iOS_NativePort/NativeCore/Sources/EW4NativeCore/BattleSession.swift
PASS /mnt/data/p49_work/EW4_R14_39_P49_NATIVE_CAMPAIGN_CONQUEST_OUTER_FLOW_WIP_PORT_ONLY_2026-09-11/SOURCE_NATIVE/EW4_iOS_NativePort/NativeCore/Sources/EW4NativeCore/CombatCore.swift
PASS /mnt/data/p49_work/EW4_R14_39_P49_NATIVE_CAMPAIGN_CONQUEST_OUTER_FLOW_WIP_PORT_ONLY_2026-09-11/SOURCE_NATIVE/EW4_iOS_NativePort/NativeCore/Sources/EW4NativeCore/CompactBILE.swift
PASS /mnt/data/p49_work/EW4_R14_39_P49_NATIVE_CAMPAIGN_CONQUEST_OUTER_FLOW_WIP_PORT_ONLY_2026-09-11/SOURCE_NATIVE/EW4_iOS_NativePort/NativeCore/Sources/EW4NativeCore/CountryTurnCore.swift
PASS /mnt/data/p49_work/EW4_R14_39_P49_NATIVE_CAMPAIGN_CONQUEST_OUTER_FLOW_WIP_PORT_ONLY_2026-09-11/SOURCE_NATIVE/EW4_iOS_NativePort/NativeCore/Sources/EW4NativeCore/DefMotion.swift
PASS /mnt/data/p49_work/EW4_R14_39_P49_NATIVE_CAMPAIGN_CONQUEST_OUTER_FLOW_WIP_PORT_ONLY_2026-09-11/SOURCE_NATIVE/EW4_iOS_NativePort/NativeCore/Sources/EW4NativeCore/LogicalGeometry.swift
PASS /mnt/data/p49_work/EW4_R14_39_P49_NATIVE_CAMPAIGN_CONQUEST_OUTER_FLOW_WIP_PORT_ONLY_2026-09-11/SOURCE_NATIVE/EW4_iOS_NativePort/NativeCore/Sources/EW4NativeCore/NativeAIPlannerCore.swift
PASS /mnt/data/p49_work/EW4_R14_39_P49_NATIVE_CAMPAIGN_CONQUEST_OUTER_FLOW_WIP_PORT_ONLY_2026-09-11/SOURCE_NATIVE/EW4_iOS_NativePort/NativeCore/Sources/EW4NativeCore/NativeAIPresentationDriverCore.swift
PASS /mnt/data/p49_work/EW4_R14_39_P49_NATIVE_CAMPAIGN_CONQUEST_OUTER_FLOW_WIP_PORT_ONLY_2026-09-11/SOURCE_NATIVE/EW4_iOS_NativePort/NativeCore/Sources/EW4NativeCore/NativeAIRoundSimulationCore.swift
PASS /mnt/data/p49_work/EW4_R14_39_P49_NATIVE_CAMPAIGN_CONQUEST_OUTER_FLOW_WIP_PORT_ONLY_2026-09-11/SOURCE_NATIVE/EW4_iOS_NativePort/NativeCore/Sources/EW4NativeCore/NativeAnimationSequenceCore.swift
PASS /mnt/data/p49_work/EW4_R14_39_P49_NATIVE_CAMPAIGN_CONQUEST_OUTER_FLOW_WIP_PORT_ONLY_2026-09-11/SOURCE_NATIVE/EW4_iOS_NativePort/NativeCore/Sources/EW4NativeCore/NativeAnimationTiming.swift
PASS /mnt/data/p49_work/EW4_R14_39_P49_NATIVE_CAMPAIGN_CONQUEST_OUTER_FLOW_WIP_PORT_ONLY_2026-09-11/SOURCE_NATIVE/EW4_iOS_NativePort/NativeCore/Sources/EW4NativeCore/NativeBattleDialogueQueueCore.swift
PASS /mnt/data/p49_work/EW4_R14_39_P49_NATIVE_CAMPAIGN_CONQUEST_OUTER_FLOW_WIP_PORT_ONLY_2026-09-11/SOURCE_NATIVE/EW4_iOS_NativePort/NativeCore/Sources/EW4NativeCore/NativeBattleEnvironmentCore.swift
PASS /mnt/data/p49_work/EW4_R14_39_P49_NATIVE_CAMPAIGN_CONQUEST_OUTER_FLOW_WIP_PORT_ONLY_2026-09-11/SOURCE_NATIVE/EW4_iOS_NativePort/NativeCore/Sources/EW4NativeCore/NativeBattleEventCore.swift
PASS /mnt/data/p49_work/EW4_R14_39_P49_NATIVE_CAMPAIGN_CONQUEST_OUTER_FLOW_WIP_PORT_ONLY_2026-09-11/SOURCE_NATIVE/EW4_iOS_NativePort/NativeCore/Sources/EW4NativeCore/NativeBattleHUDCore.swift
PASS /mnt/data/p49_work/EW4_R14_39_P49_NATIVE_CAMPAIGN_CONQUEST_OUTER_FLOW_WIP_PORT_ONLY_2026-09-11/SOURCE_NATIVE/EW4_iOS_NativePort/NativeCore/Sources/EW4NativeCore/NativeBattlePresentation.swift
PASS /mnt/data/p49_work/EW4_R14_39_P49_NATIVE_CAMPAIGN_CONQUEST_OUTER_FLOW_WIP_PORT_ONLY_2026-09-11/SOURCE_NATIVE/EW4_iOS_NativePort/NativeCore/Sources/EW4NativeCore/NativeBattleRehydrationCore.swift
PASS /mnt/data/p49_work/EW4_R14_39_P49_NATIVE_CAMPAIGN_CONQUEST_OUTER_FLOW_WIP_PORT_ONLY_2026-09-11/SOURCE_NATIVE/EW4_iOS_NativePort/NativeCore/Sources/EW4NativeCore/NativeBattleSaveCore.swift
PASS /mnt/data/p49_work/EW4_R14_39_P49_NATIVE_CAMPAIGN_CONQUEST_OUTER_FLOW_WIP_PORT_ONLY_2026-09-11/SOURCE_NATIVE/EW4_iOS_NativePort/NativeCore/Sources/EW4NativeCore/NativeBattleSaveSlotStore.swift
PASS /mnt/data/p49_work/EW4_R14_39_P49_NATIVE_CAMPAIGN_CONQUEST_OUTER_FLOW_WIP_PORT_ONLY_2026-09-11/SOURCE_NATIVE/EW4_iOS_NativePort/NativeCore/Sources/EW4NativeCore/NativeBattleSidecarCore.swift
PASS /mnt/data/p49_work/EW4_R14_39_P49_NATIVE_CAMPAIGN_CONQUEST_OUTER_FLOW_WIP_PORT_ONLY_2026-09-11/SOURCE_NATIVE/EW4_iOS_NativePort/NativeCore/Sources/EW4NativeCore/NativeBattleSnapshotCore.swift
PASS /mnt/data/p49_work/EW4_R14_39_P49_NATIVE_CAMPAIGN_CONQUEST_OUTER_FLOW_WIP_PORT_ONLY_2026-09-11/SOURCE_NATIVE/EW4_iOS_NativePort/NativeCore/Sources/EW4NativeCore/NativeCamera.swift
PASS /mnt/data/p49_work/EW4_R14_39_P49_NATIVE_CAMPAIGN_CONQUEST_OUTER_FLOW_WIP_PORT_ONLY_2026-09-11/SOURCE_NATIVE/EW4_iOS_NativePort/NativeCore/Sources/EW4NativeCore/NativeCampaignBattleFlowCore.swift
PASS /mnt/data/p49_work/EW4_R14_39_P49_NATIVE_CAMPAIGN_CONQUEST_OUTER_FLOW_WIP_PORT_ONLY_2026-09-11/SOURCE_NATIVE/EW4_iOS_NativePort/NativeCore/Sources/EW4NativeCore/NativeCampaignCore.swift
PASS /mnt/data/p49_work/EW4_R14_39_P49_NATIVE_CAMPAIGN_CONQUEST_OUTER_FLOW_WIP_PORT_ONLY_2026-09-11/SOURCE_NATIVE/EW4_iOS_NativePort/NativeCore/Sources/EW4NativeCore/NativeCampaignSessionCore.swift
PASS /mnt/data/p49_work/EW4_R14_39_P49_NATIVE_CAMPAIGN_CONQUEST_OUTER_FLOW_WIP_PORT_ONLY_2026-09-11/SOURCE_NATIVE/EW4_iOS_NativePort/NativeCore/Sources/EW4NativeCore/NativeConquestAchievementCore.swift
PASS /mnt/data/p49_work/EW4_R14_39_P49_NATIVE_CAMPAIGN_CONQUEST_OUTER_FLOW_WIP_PORT_ONLY_2026-09-11/SOURCE_NATIVE/EW4_iOS_NativePort/NativeCore/Sources/EW4NativeCore/NativeConquestBattleFlowCore.swift
PASS /mnt/data/p49_work/EW4_R14_39_P49_NATIVE_CAMPAIGN_CONQUEST_OUTER_FLOW_WIP_PORT_ONLY_2026-09-11/SOURCE_NATIVE/EW4_iOS_NativePort/NativeCore/Sources/EW4NativeCore/NativeConquestExtinctionCore.swift
PASS /mnt/data/p49_work/EW4_R14_39_P49_NATIVE_CAMPAIGN_CONQUEST_OUTER_FLOW_WIP_PORT_ONLY_2026-09-11/SOURCE_NATIVE/EW4_iOS_NativePort/NativeCore/Sources/EW4NativeCore/NativeGeneralGrowthCore.swift
PASS /mnt/data/p49_work/EW4_R14_39_P49_NATIVE_CAMPAIGN_CONQUEST_OUTER_FLOW_WIP_PORT_ONLY_2026-09-11/SOURCE_NATIVE/EW4_iOS_NativePort/NativeCore/Sources/EW4NativeCore/NativeImpactPresentationCore.swift
PASS /mnt/data/p49_work/EW4_R14_39_P49_NATIVE_CAMPAIGN_CONQUEST_OUTER_FLOW_WIP_PORT_ONLY_2026-09-11/SOURCE_NATIVE/EW4_iOS_NativePort/NativeCore/Sources/EW4NativeCore/NativeMovementCore.swift
PASS /mnt/data/p49_work/EW4_R14_39_P49_NATIVE_CAMPAIGN_CONQUEST_OUTER_FLOW_WIP_PORT_ONLY_2026-09-11/SOURCE_NATIVE/EW4_iOS_NativePort/NativeCore/Sources/EW4NativeCore/NativeMovementPresentationCore.swift
PASS /mnt/data/p49_work/EW4_R14_39_P49_NATIVE_CAMPAIGN_CONQUEST_OUTER_FLOW_WIP_PORT_ONLY_2026-09-11/SOURCE_NATIVE/EW4_iOS_NativePort/NativeCore/Sources/EW4NativeCore/NativeOriginalBattleModalCore.swift
PASS /mnt/data/p49_work/EW4_R14_39_P49_NATIVE_CAMPAIGN_CONQUEST_OUTER_FLOW_WIP_PORT_ONLY_2026-09-11/SOURCE_NATIVE/EW4_iOS_NativePort/NativeCore/Sources/EW4NativeCore/NativeOriginalBattleResultCore.swift
PASS /mnt/data/p49_work/EW4_R14_39_P49_NATIVE_CAMPAIGN_CONQUEST_OUTER_FLOW_WIP_PORT_ONLY_2026-09-11/SOURCE_NATIVE/EW4_iOS_NativePort/NativeCore/Sources/EW4NativeCore/NativeOriginalFormContentCore.swift
PASS /mnt/data/p49_work/EW4_R14_39_P49_NATIVE_CAMPAIGN_CONQUEST_OUTER_FLOW_WIP_PORT_ONLY_2026-09-11/SOURCE_NATIVE/EW4_iOS_NativePort/NativeCore/Sources/EW4NativeCore/NativeOriginalFormGeometryCore.swift
PASS /mnt/data/p49_work/EW4_R14_39_P49_NATIVE_CAMPAIGN_CONQUEST_OUTER_FLOW_WIP_PORT_ONLY_2026-09-11/SOURCE_NATIVE/EW4_iOS_NativePort/NativeCore/Sources/EW4NativeCore/NativePlayerProfileCore.swift
PASS /mnt/data/p49_work/EW4_R14_39_P49_NATIVE_CAMPAIGN_CONQUEST_OUTER_FLOW_WIP_PORT_ONLY_2026-09-11/SOURCE_NATIVE/EW4_iOS_NativePort/NativeCore/Sources/EW4NativeCore/NativePresentationLODCore.swift
PASS /mnt/data/p49_work/EW4_R14_39_P49_NATIVE_CAMPAIGN_CONQUEST_OUTER_FLOW_WIP_PORT_ONLY_2026-09-11/SOURCE_NATIVE/EW4_iOS_NativePort/NativeCore/Sources/EW4NativeCore/NativeResourceAudit.swift
PASS /mnt/data/p49_work/EW4_R14_39_P49_NATIVE_CAMPAIGN_CONQUEST_OUTER_FLOW_WIP_PORT_ONLY_2026-09-11/SOURCE_NATIVE/EW4_iOS_NativePort/NativeCore/Sources/EW4NativeCore/NativeResultCore.swift
PASS /mnt/data/p49_work/EW4_R14_39_P49_NATIVE_CAMPAIGN_CONQUEST_OUTER_FLOW_WIP_PORT_ONLY_2026-09-11/SOURCE_NATIVE/EW4_iOS_NativePort/NativeCore/Sources/EW4NativeCore/NativeRoundRuntimeAdapter.swift
PASS /mnt/data/p49_work/EW4_R14_39_P49_NATIVE_CAMPAIGN_CONQUEST_OUTER_FLOW_WIP_PORT_ONLY_2026-09-11/SOURCE_NATIVE/EW4_iOS_NativePort/NativeCore/Sources/EW4NativeCore/NativeRoundSettlementCore.swift
PASS /mnt/data/p49_work/EW4_R14_39_P49_NATIVE_CAMPAIGN_CONQUEST_OUTER_FLOW_WIP_PORT_ONLY_2026-09-11/SOURCE_NATIVE/EW4_iOS_NativePort/NativeCore/Sources/EW4NativeCore/NativeTrainingParityCore.swift
PASS /mnt/data/p49_work/EW4_R14_39_P49_NATIVE_CAMPAIGN_CONQUEST_OUTER_FLOW_WIP_PORT_ONLY_2026-09-11/SOURCE_NATIVE/EW4_iOS_NativePort/NativeCore/Sources/EW4NativeCore/NativeUnitStatusCore.swift
PASS /mnt/data/p49_work/EW4_R14_39_P49_NATIVE_CAMPAIGN_CONQUEST_OUTER_FLOW_WIP_PORT_ONLY_2026-09-11/SOURCE_NATIVE/EW4_iOS_NativePort/NativeCore/Sources/EW4NativeCore/PlayerUnitRules.swift
PASS /mnt/data/p49_work/EW4_R14_39_P49_NATIVE_CAMPAIGN_CONQUEST_OUTER_FLOW_WIP_PORT_ONLY_2026-09-11/SOURCE_NATIVE/EW4_iOS_NativePort/NativeCore/Sources/EW4NativeCore/ResourceModels.swift
PASS /mnt/data/p49_work/EW4_R14_39_P49_NATIVE_CAMPAIGN_CONQUEST_OUTER_FLOW_WIP_PORT_ONLY_2026-09-11/SOURCE_NATIVE/EW4_iOS_NativePort/NativeCore/Sources/EW4NativeRenderer/BILEFrameRasterizer.swift
PASS /mnt/data/p49_work/EW4_R14_39_P49_NATIVE_CAMPAIGN_CONQUEST_OUTER_FLOW_WIP_PORT_ONLY_2026-09-11/SOURCE_NATIVE/EW4_iOS_NativePort/NativeCore/Sources/EW4NativeRenderer/NativeBattleScene.swift
PASS /mnt/data/p49_work/EW4_R14_39_P49_NATIVE_CAMPAIGN_CONQUEST_OUTER_FLOW_WIP_PORT_ONLY_2026-09-11/SOURCE_NATIVE/EW4_iOS_NativePort/NativeCore/Sources/EW4NativeRenderer/NativeOriginalBattleModalRenderer.swift
PASS /mnt/data/p49_work/EW4_R14_39_P49_NATIVE_CAMPAIGN_CONQUEST_OUTER_FLOW_WIP_PORT_ONLY_2026-09-11/SOURCE_NATIVE/EW4_iOS_NativePort/NativeCore/Sources/EW4NativeRenderer/NativeOriginalBattleResultRenderer.swift
PASS /mnt/data/p49_work/EW4_R14_39_P49_NATIVE_CAMPAIGN_CONQUEST_OUTER_FLOW_WIP_PORT_ONLY_2026-09-11/SOURCE_NATIVE/EW4_iOS_NativePort/NativeCore/Sources/EW4NativeRenderer/NativeOriginalStageIntroRenderer.swift
PASS /mnt/data/p49_work/EW4_R14_39_P49_NATIVE_CAMPAIGN_CONQUEST_OUTER_FLOW_WIP_PORT_ONLY_2026-09-11/SOURCE_NATIVE/EW4_iOS_NativePort/NativeCore/Sources/EW4NativeRenderer/NativeOriginalTalkRenderer.swift
PASS /mnt/data/p49_work/EW4_R14_39_P49_NATIVE_CAMPAIGN_CONQUEST_OUTER_FLOW_WIP_PORT_ONLY_2026-09-11/SOURCE_NATIVE/EW4_iOS_NativePort/NativeCore/Sources/EW4NativeRenderer/NativeResourceStore.swift
PASS /mnt/data/p49_work/EW4_R14_39_P49_NATIVE_CAMPAIGN_CONQUEST_OUTER_FLOW_WIP_PORT_ONLY_2026-09-11/SOURCE_NATIVE/EW4_iOS_NativePort/NativeCore/Tests/EW4NativeCoreTests/BILEMathTests.swift
PASS /mnt/data/p49_work/EW4_R14_39_P49_NATIVE_CAMPAIGN_CONQUEST_OUTER_FLOW_WIP_PORT_ONLY_2026-09-11/SOURCE_NATIVE/EW4_iOS_NativePort/NativeCore/Tests/EW4NativeCoreTests/BattleGameplayTests.swift
PASS /mnt/data/p49_work/EW4_R14_39_P49_NATIVE_CAMPAIGN_CONQUEST_OUTER_FLOW_WIP_PORT_ONLY_2026-09-11/SOURCE_NATIVE/EW4_iOS_NativePort/NativeCore/Tests/EW4NativeCoreTests/CombatTests.swift
PASS /mnt/data/p49_work/EW4_R14_39_P49_NATIVE_CAMPAIGN_CONQUEST_OUTER_FLOW_WIP_PORT_ONLY_2026-09-11/SOURCE_NATIVE/EW4_iOS_NativePort/NativeCore/Tests/EW4NativeCoreTests/CountryTurnTests.swift
PASS /mnt/data/p49_work/EW4_R14_39_P49_NATIVE_CAMPAIGN_CONQUEST_OUTER_FLOW_WIP_PORT_ONLY_2026-09-11/SOURCE_NATIVE/EW4_iOS_NativePort/NativeCore/Tests/EW4NativeCoreTests/GeometryTests.swift
PASS /mnt/data/p49_work/EW4_R14_39_P49_NATIVE_CAMPAIGN_CONQUEST_OUTER_FLOW_WIP_PORT_ONLY_2026-09-11/SOURCE_NATIVE/EW4_iOS_NativePort/NativeCore/Tests/EW4NativeCoreTests/NativeAIPlannerTests.swift
PASS /mnt/data/p49_work/EW4_R14_39_P49_NATIVE_CAMPAIGN_CONQUEST_OUTER_FLOW_WIP_PORT_ONLY_2026-09-11/SOURCE_NATIVE/EW4_iOS_NativePort/NativeCore/Tests/EW4NativeCoreTests/NativeAIPresentationDriverTests.swift
PASS /mnt/data/p49_work/EW4_R14_39_P49_NATIVE_CAMPAIGN_CONQUEST_OUTER_FLOW_WIP_PORT_ONLY_2026-09-11/SOURCE_NATIVE/EW4_iOS_NativePort/NativeCore/Tests/EW4NativeCoreTests/NativeAnimationSequenceTests.swift
PASS /mnt/data/p49_work/EW4_R14_39_P49_NATIVE_CAMPAIGN_CONQUEST_OUTER_FLOW_WIP_PORT_ONLY_2026-09-11/SOURCE_NATIVE/EW4_iOS_NativePort/NativeCore/Tests/EW4NativeCoreTests/NativeBattleDialogueQueueTests.swift
PASS /mnt/data/p49_work/EW4_R14_39_P49_NATIVE_CAMPAIGN_CONQUEST_OUTER_FLOW_WIP_PORT_ONLY_2026-09-11/SOURCE_NATIVE/EW4_iOS_NativePort/NativeCore/Tests/EW4NativeCoreTests/NativeBattleEnvironmentTests.swift
PASS /mnt/data/p49_work/EW4_R14_39_P49_NATIVE_CAMPAIGN_CONQUEST_OUTER_FLOW_WIP_PORT_ONLY_2026-09-11/SOURCE_NATIVE/EW4_iOS_NativePort/NativeCore/Tests/EW4NativeCoreTests/NativeBattleEventTests.swift
PASS /mnt/data/p49_work/EW4_R14_39_P49_NATIVE_CAMPAIGN_CONQUEST_OUTER_FLOW_WIP_PORT_ONLY_2026-09-11/SOURCE_NATIVE/EW4_iOS_NativePort/NativeCore/Tests/EW4NativeCoreTests/NativeBattleHUDTests.swift
PASS /mnt/data/p49_work/EW4_R14_39_P49_NATIVE_CAMPAIGN_CONQUEST_OUTER_FLOW_WIP_PORT_ONLY_2026-09-11/SOURCE_NATIVE/EW4_iOS_NativePort/NativeCore/Tests/EW4NativeCoreTests/NativeBattleRehydrationTests.swift
PASS /mnt/data/p49_work/EW4_R14_39_P49_NATIVE_CAMPAIGN_CONQUEST_OUTER_FLOW_WIP_PORT_ONLY_2026-09-11/SOURCE_NATIVE/EW4_iOS_NativePort/NativeCore/Tests/EW4NativeCoreTests/NativeBattleSaveSlotStoreTests.swift
PASS /mnt/data/p49_work/EW4_R14_39_P49_NATIVE_CAMPAIGN_CONQUEST_OUTER_FLOW_WIP_PORT_ONLY_2026-09-11/SOURCE_NATIVE/EW4_iOS_NativePort/NativeCore/Tests/EW4NativeCoreTests/NativeBattleSaveTests.swift
PASS /mnt/data/p49_work/EW4_R14_39_P49_NATIVE_CAMPAIGN_CONQUEST_OUTER_FLOW_WIP_PORT_ONLY_2026-09-11/SOURCE_NATIVE/EW4_iOS_NativePort/NativeCore/Tests/EW4NativeCoreTests/NativeBattleSidecarTests.swift
PASS /mnt/data/p49_work/EW4_R14_39_P49_NATIVE_CAMPAIGN_CONQUEST_OUTER_FLOW_WIP_PORT_ONLY_2026-09-11/SOURCE_NATIVE/EW4_iOS_NativePort/NativeCore/Tests/EW4NativeCoreTests/NativeBattleSnapshotTests.swift
PASS /mnt/data/p49_work/EW4_R14_39_P49_NATIVE_CAMPAIGN_CONQUEST_OUTER_FLOW_WIP_PORT_ONLY_2026-09-11/SOURCE_NATIVE/EW4_iOS_NativePort/NativeCore/Tests/EW4NativeCoreTests/NativeCampaignBattleFlowTests.swift
PASS /mnt/data/p49_work/EW4_R14_39_P49_NATIVE_CAMPAIGN_CONQUEST_OUTER_FLOW_WIP_PORT_ONLY_2026-09-11/SOURCE_NATIVE/EW4_iOS_NativePort/NativeCore/Tests/EW4NativeCoreTests/NativeCampaignCoreTests.swift
PASS /mnt/data/p49_work/EW4_R14_39_P49_NATIVE_CAMPAIGN_CONQUEST_OUTER_FLOW_WIP_PORT_ONLY_2026-09-11/SOURCE_NATIVE/EW4_iOS_NativePort/NativeCore/Tests/EW4NativeCoreTests/NativeCampaignRuntimeEndTests.swift
PASS /mnt/data/p49_work/EW4_R14_39_P49_NATIVE_CAMPAIGN_CONQUEST_OUTER_FLOW_WIP_PORT_ONLY_2026-09-11/SOURCE_NATIVE/EW4_iOS_NativePort/NativeCore/Tests/EW4NativeCoreTests/NativeCampaignSessionTests.swift
PASS /mnt/data/p49_work/EW4_R14_39_P49_NATIVE_CAMPAIGN_CONQUEST_OUTER_FLOW_WIP_PORT_ONLY_2026-09-11/SOURCE_NATIVE/EW4_iOS_NativePort/NativeCore/Tests/EW4NativeCoreTests/NativeConquestAchievementTests.swift
PASS /mnt/data/p49_work/EW4_R14_39_P49_NATIVE_CAMPAIGN_CONQUEST_OUTER_FLOW_WIP_PORT_ONLY_2026-09-11/SOURCE_NATIVE/EW4_iOS_NativePort/NativeCore/Tests/EW4NativeCoreTests/NativeConquestBattleFlowTests.swift
PASS /mnt/data/p49_work/EW4_R14_39_P49_NATIVE_CAMPAIGN_CONQUEST_OUTER_FLOW_WIP_PORT_ONLY_2026-09-11/SOURCE_NATIVE/EW4_iOS_NativePort/NativeCore/Tests/EW4NativeCoreTests/NativeConquestExtinctionTests.swift
PASS /mnt/data/p49_work/EW4_R14_39_P49_NATIVE_CAMPAIGN_CONQUEST_OUTER_FLOW_WIP_PORT_ONLY_2026-09-11/SOURCE_NATIVE/EW4_iOS_NativePort/NativeCore/Tests/EW4NativeCoreTests/NativeGeneralGrowthTests.swift
PASS /mnt/data/p49_work/EW4_R14_39_P49_NATIVE_CAMPAIGN_CONQUEST_OUTER_FLOW_WIP_PORT_ONLY_2026-09-11/SOURCE_NATIVE/EW4_iOS_NativePort/NativeCore/Tests/EW4NativeCoreTests/NativeImpactPresentationTests.swift
PASS /mnt/data/p49_work/EW4_R14_39_P49_NATIVE_CAMPAIGN_CONQUEST_OUTER_FLOW_WIP_PORT_ONLY_2026-09-11/SOURCE_NATIVE/EW4_iOS_NativePort/NativeCore/Tests/EW4NativeCoreTests/NativeMovementPresentationTests.swift
PASS /mnt/data/p49_work/EW4_R14_39_P49_NATIVE_CAMPAIGN_CONQUEST_OUTER_FLOW_WIP_PORT_ONLY_2026-09-11/SOURCE_NATIVE/EW4_iOS_NativePort/NativeCore/Tests/EW4NativeCoreTests/NativeNoonRegressionLockTests.swift
PASS /mnt/data/p49_work/EW4_R14_39_P49_NATIVE_CAMPAIGN_CONQUEST_OUTER_FLOW_WIP_PORT_ONLY_2026-09-11/SOURCE_NATIVE/EW4_iOS_NativePort/NativeCore/Tests/EW4NativeCoreTests/NativeOriginalBattleResultTests.swift
PASS /mnt/data/p49_work/EW4_R14_39_P49_NATIVE_CAMPAIGN_CONQUEST_OUTER_FLOW_WIP_PORT_ONLY_2026-09-11/SOURCE_NATIVE/EW4_iOS_NativePort/NativeCore/Tests/EW4NativeCoreTests/NativeOriginalFormGeometryTests.swift
PASS /mnt/data/p49_work/EW4_R14_39_P49_NATIVE_CAMPAIGN_CONQUEST_OUTER_FLOW_WIP_PORT_ONLY_2026-09-11/SOURCE_NATIVE/EW4_iOS_NativePort/NativeCore/Tests/EW4NativeCoreTests/NativePlayerEquipmentBattleParityTests.swift
PASS /mnt/data/p49_work/EW4_R14_39_P49_NATIVE_CAMPAIGN_CONQUEST_OUTER_FLOW_WIP_PORT_ONLY_2026-09-11/SOURCE_NATIVE/EW4_iOS_NativePort/NativeCore/Tests/EW4NativeCoreTests/NativePlayerEquipmentCombatParityTests.swift
PASS /mnt/data/p49_work/EW4_R14_39_P49_NATIVE_CAMPAIGN_CONQUEST_OUTER_FLOW_WIP_PORT_ONLY_2026-09-11/SOURCE_NATIVE/EW4_iOS_NativePort/NativeCore/Tests/EW4NativeCoreTests/NativePlayerProfileGrowthRuntimeTests.swift
PASS /mnt/data/p49_work/EW4_R14_39_P49_NATIVE_CAMPAIGN_CONQUEST_OUTER_FLOW_WIP_PORT_ONLY_2026-09-11/SOURCE_NATIVE/EW4_iOS_NativePort/NativeCore/Tests/EW4NativeCoreTests/NativePlayerProfileTests.swift
PASS /mnt/data/p49_work/EW4_R14_39_P49_NATIVE_CAMPAIGN_CONQUEST_OUTER_FLOW_WIP_PORT_ONLY_2026-09-11/SOURCE_NATIVE/EW4_iOS_NativePort/NativeCore/Tests/EW4NativeCoreTests/NativePresentationLODTests.swift
PASS /mnt/data/p49_work/EW4_R14_39_P49_NATIVE_CAMPAIGN_CONQUEST_OUTER_FLOW_WIP_PORT_ONLY_2026-09-11/SOURCE_NATIVE/EW4_iOS_NativePort/NativeCore/Tests/EW4NativeCoreTests/NativeResultTests.swift
PASS /mnt/data/p49_work/EW4_R14_39_P49_NATIVE_CAMPAIGN_CONQUEST_OUTER_FLOW_WIP_PORT_ONLY_2026-09-11/SOURCE_NATIVE/EW4_iOS_NativePort/NativeCore/Tests/EW4NativeCoreTests/NativeRoundRuntimeAdapterTests.swift
PASS /mnt/data/p49_work/EW4_R14_39_P49_NATIVE_CAMPAIGN_CONQUEST_OUTER_FLOW_WIP_PORT_ONLY_2026-09-11/SOURCE_NATIVE/EW4_iOS_NativePort/NativeCore/Tests/EW4NativeCoreTests/NativeRoundSettlementTests.swift
PASS /mnt/data/p49_work/EW4_R14_39_P49_NATIVE_CAMPAIGN_CONQUEST_OUTER_FLOW_WIP_PORT_ONLY_2026-09-11/SOURCE_NATIVE/EW4_iOS_NativePort/NativeCore/Tests/EW4NativeCoreTests/NativeTrainingParityTests.swift
PASS /mnt/data/p49_work/EW4_R14_39_P49_NATIVE_CAMPAIGN_CONQUEST_OUTER_FLOW_WIP_PORT_ONLY_2026-09-11/SOURCE_NATIVE/EW4_iOS_NativePort/NativeCore/Tests/EW4NativeCoreTests/NativeUnitStatusTests.swift
PASS /mnt/data/p49_work/EW4_R14_39_P49_NATIVE_CAMPAIGN_CONQUEST_OUTER_FLOW_WIP_PORT_ONLY_2026-09-11/SOURCE_NATIVE/EW4_iOS_NativePort/NativeCore/Tests/EW4NativeCoreTests/PresentationTests.swift
PASS /mnt/data/p49_work/EW4_R14_39_P49_NATIVE_CAMPAIGN_CONQUEST_OUTER_FLOW_WIP_PORT_ONLY_2026-09-11/SOURCE_NATIVE/EW4_iOS_NativePort/NativeCore/Tests/EW4NativeCoreTests/TestResourcePaths.swift
PASS /mnt/data/p49_work/EW4_R14_39_P49_NATIVE_CAMPAIGN_CONQUEST_OUTER_FLOW_WIP_PORT_ONLY_2026-09-11/SOURCE_NATIVE/EW4_iOS_NativePort/NativeCore/Tests/EW4NativeCoreTests/VisualResolverTests.swift
PASS /mnt/data/p49_work/EW4_R14_39_P49_NATIVE_CAMPAIGN_CONQUEST_OUTER_FLOW_WIP_PORT_ONLY_2026-09-11/SOURCE_NATIVE/EW4_iOS_NativePort/iOSApp/App/EW4NativePortApp.swift
TOTAL=101 PASS=101 FAIL=0
