count=126
[1/126] test_battle_save_core.js status=0
battle save core PASS {"schema":6,"round":7,"units":1,"slots":"auto+1..6"}

[2/126] test_cavalry_supply_rules.js status=0
cavalry + facility supply rules PASS

[3/126] test_combat_core.js status=0
combat_core 0.61 native-skill tests: PASS

[4/126] test_compact_bile_full_parity.js status=0
compact BILE full parity PASS · 1076/1076 assets · Machine Gun Finish corrected 18/18

[5/126] test_compact_bile_render_contract.js status=0
compact BILE production-render contract PASS · direct Canvas path + native anchor math + offline source cache

[6/126] test_compact_bile_runtime.js status=0
compact BILE runtime PASS · 877 units / 3519 motions / 9.87 MiB raw source pack

[7/126] test_core_map_unit_contract.js status=0
core map/unit contract PASS: native odd-row 64x54 grid + commander-first opening camera + native pose anchor path

[8/126] test_country_turn_core.js status=0
country turn core PASS {"conquestOwners":14,"russia":{"money":50,"industry":70,"food":500},"campaignOwners":8,"campaignSameHint":"not-used-as-alliance"}

[9/126] test_data_integrity.js status=0
data integrity PASS: 101 battles, 208 commanders, 3 fieldworks, Coastal Fort preserved

[10/126] test_effective_ui_contract.js status=0
effective UI contract PASS: battle/recruit/general display paths consume effective values; original raw data remains untouched

[11/126] test_enhanced_generals_combat.js status=0
enhanced player-general combat regressions: PASS

[12/126] test_full_animation_877.js status=0
full compact animation coverage PASS · 877/877 units · 3519/3519 motions · 1754/1754 directional chains · 7407/7407 battle units resolved

[13/126] test_general_deployment_core.js status=0
in-battle general deployment core PASS

[14/126] test_item_inventory_core.js status=0
item inventory core PASS {"slots":28,"slot0Max":999,"normalMax":99}

[15/126] test_mod_general_dismissal_p19.js status=0
P19 mod general dismissal: PASS

[16/126] test_native_academy_core.js status=0
native academy core PASS

[17/126] test_native_action_audio.js status=0
native action audio: PASS

[18/126] test_native_ai_action_camera_focus.js status=0
native AI action camera focus: PASS

[19/126] test_native_animation_integration.js status=0
native animation integration PASS: 877 units / 3519 motions / 1272 compact assets / direct BILE production runtime

[20/126] test_native_artillery_visual_timeline.js status=0
native artillery visual timeline PASS: light/heavy/siege original effects + timing/offset/rotation wired

[21/126] test_native_audio_inventory.js status=0
native audio inventory PASS: 38 WAV + 5 MP3 byte-identical to APK

[22/126] test_native_battle_music.js status=0
native battle music PASS: 4 APK tracks restored, randomized per battle scene, BGVol-driven with original 50% default

[23/126] test_native_battle_overlay_visuals.js status=0
P32 native battle overlay visuals PASS

[24/126] test_native_camera_interaction.js status=0
native camera interaction PASS: zoom .2..1, detail .5, tap 15px/axis, pinch >40 stationary-anchor, incremental pan, no drag fling

[25/126] test_native_camera_programmatic.js status=0
native programmatic camera PASS: GameSpeed motor + no-fling separation + commander-first fresh-battle focus

[26/126] test_native_campaign_p17_integration.js status=0
native campaign P17 integration: PASS

[27/126] test_native_campaign_targets_exhaustive_p17.js status=0
native campaign exhaustive P17 PASS: 87 campaign BTL · red stages 84 · red victory sims 84 · red defeat sims 83 · yellow 11/11

[28/126] test_native_campaign_targets_p17.js status=0
native campaign target/secret P17: PASS

[29/126] test_native_commerce_core.js status=0
native commerce core PASS

[30/126] test_native_commerce_forms_p19.js status=0
P19 native exchange / recruitgeneral geometry: PASS

[31/126] test_native_conquest_ui.js status=0
native conquest UI contract PASS

[32/126] test_native_construction_core.js status=0
native construction economy/UI/avoidance PASS

[33/126] test_native_deployitem_p18.js status=0
P18 native deployitem: PASS

[34/126] test_native_effect_audio_core.js status=0
native effect audio core PASS: 143 timelines; all current army grades resolve both directions

[35/126] test_native_effects_visual_coverage.js status=0
native effects visual coverage PASS {"effects":65,"groups":23,"combatSourceGroups":22}

[36/126] test_native_entity_triggers.js status=0
native entity triggers PASS {
  capture_total: 33,
  capture_high_confidence: 31,
  capture_unresolved: 2,
  death_total: 25,
  death_high_confidence: 23,
  death_unresolved: 2
}

[37/126] test_native_fire_events.js status=0
PASS native fire events: events=31 battles=16 round11=6 dialogues=3

[38/126] test_native_funcres_contract.js status=0
native group_funcres contract PASS

[39/126] test_native_general_core.js status=0
native general core: PASS
native general battle growth: PASS

[40/126] test_native_general_p18_integration.js status=0
P18 native general integration: PASS

[41/126] test_native_getgeneral_effect.js status=0
native getgeneral effect data PASS

[42/126] test_native_getgeneral_tips.js status=0
native getgeneral tips contract PASS

[43/126] test_native_headquarters_flow.js status=0
native headquarters/deploygeneral flow PASS

[44/126] test_native_hex_battle_roundtrip.js status=0
native hex BTL roundtrip PASS: 101 battles / 7407 units / 8001 objects

[45/126] test_native_hex_geometry.js status=0
native hex geometry PASS {"center00":{"x":0,"y":-18},"center01":{"x":32,"y":36},"campaign101Fallback":{"x":1472,"y":2133}}

[46/126] test_native_impact_effect_core.js status=0
native impact selector PASS

[47/126] test_native_lowzoom_lod.js status=0
native low-zoom strategic marker LOD: PASS

[48/126] test_native_lowzoom_status.js status=0
native low-zoom relation/HP status layer: PASS

[49/126] test_native_machinegun_visual_timeline.js status=0
native machine-gun visual timeline PASS: original offsets/rotation + dual emitters wired

[50/126] test_native_main_campaign_layout.js status=0
native main/campaign layout PASS

[51/126] test_native_maptext_core.js status=0
native maptext core PASS · 338 BILE items / 178 atlas elements / Europe 102 placements / America 41 placements

[52/126] test_native_maptext_runtime.js status=0
native maptext runtime PASS · original BILE/atlas/placements cached + battle world-layer draw wired

[53/126] test_native_morale_events.js status=0
native morale events PASS 31

[54/126] test_native_motion_speed.js status=0
native Motion@speed PASS: live duration/frame math uses native deltaTime*speed semantics

[55/126] test_native_movement_effect_core.js status=0
native movement effect core PASS: sea-first + infantry/cavalry/artillery moving1-4 mapping

[56/126] test_native_movement_effect_integration.js status=0
native movement effect integration PASS: moving emitter follows unit world path and stops with move animation

[57/126] test_native_moving_effect_canvas.js status=0
native moving effect canvas PASS: dust 1102px + water 704px rasterized

[58/126] test_native_option_audio.js status=0
native option audio tests passed

[59/126] test_native_option_controller.js status=0
native option controller PASS

[60/126] test_native_path_tiebreak.js status=0
PASS native movement route direction/tie-break contract

[61/126] test_native_player_action_camera_focus.js status=0
native player action camera focus PASS: 64/72 safe-view test + midpoint motor + wait-before-player-action

[62/126] test_native_princess_deployment.js status=0
native princess deployment PASS · original form entry/geometry + 8 unlocked summon flow + no hard-slot gate

[63/126] test_native_ready_motion_runtime.js status=0
P32 native READY/movement runtime PASS

[64/126] test_native_result_core.js status=0
native result core PASS: exact 5-grade turn formula + cumulative medal delta table 0/5/15/25/50

[65/126] test_native_result_integration.js status=0
native result integration PASS: runtime limits + 5-grade result form + reward delta + defeat timeout bridge

[66/126] test_native_result_p16_behavior.js status=0
P16 behavior PASS: result grades + generals + Continue/Complete + getmedal + current save schema

[67/126] test_native_result_p16_integration.js status=0
P16 integration PASS: ContinueBattle SceneMain handoff + offline result assets

[68/126] test_native_rocket_visual_timeline.js status=0
native rocket visual timeline PASS: original triple cue 1.6/1.8/2.0 + offsets/220deg left rotation + two native emitters wired

[69/126] test_native_roundturn_p19.js status=0
P19 native form_roundturn: PASS

[70/126] test_native_scene_shop_core.js status=0
native SceneShop core PASS: shared 14-slot seller, 28-slot bank, HQ daily stock, buy/sell pricing

[71/126] test_native_simple_effect_canvas.js status=0
native simple effect canvas PASS: build raster 563 nontransparent pixels, max alpha 182

[72/126] test_native_simple_effect_integration.js status=0
native simple effect integration PASS: static + moving world-space emitters wired into battle renderer

[73/126] test_native_simple_effect_runtime.js status=0
native simple effect runtime PASS: native rate accumulator + area spawn + native moving particle integration

[74/126] test_native_simple_effects.js status=0
native simple effects data PASS: build/recover + moving1-4 XML and original eff.png atlas preserved

[75/126] test_native_stageintro_p20.js status=0
P20 native SceneStageIntro: PASS

[76/126] test_native_stageintro_talk_visuals.js status=0
P33 native stageintro/talk visuals PASS

[77/126] test_native_timed_battle_sfx.js status=0
native timed battle SFX PASS: def_effectsanim at= seconds drive battle sounds; AI presentation scaling isolated

[78/126] test_native_training_core.js status=0
native training core PASS

[79/126] test_native_triggers.js status=0
PASS native triggers: battles=101 objectives=144/144 events=360 countryCodes=86 dialogues=323

[80/126] test_native_tutorial_core.js status=0
native tutorial core PASS: 2 original scripts / 273 commands / exact source SHA + wait-state semantics

[81/126] test_native_tutorial_forms.js status=0
native tutorial/playnotice forms PASS

[82/126] test_native_tutorial_integration.js status=0
native tutorial integration PASS: 273/273 commands wired · 19 wait-ui aliases · undo/fortress/defense/ship/recruit formation controllers present

[83/126] test_native_ui_audio.js status=0
native UI/result audio tests passed

[84/126] test_native_upgrade_core.js status=0
native upgrade core PASS

[85/126] test_native_useitem_contract.js status=0
native use-item form/runtime contract tests passed

[86/126] test_native_useitem_core.js status=0
native use-item core tests passed

[87/126] test_native_warzone_tech_manifest.js status=0
P21 native warzone tech manifest reproducibility: PASS

[88/126] test_original_forms_568h.js status=0
original 568h forms contract PASS

[89/126] test_p21_scene_upgrade_integration.js status=0
P21 native SceneUpgrade integration: PASS

[90/126] test_p22_native_defense.js status=0
P22 native form_defense: PASS

[91/126] test_p23_native_pause.js status=0
P23 native form_pause: PASS

[92/126] test_p24_campaign_growth_chain.js status=0
P24 campaign growth end-to-end chain: PASS

[93/126] test_p24_native_unitinfo.js status=0
P24 native form_unitinfo controller contract: PASS

[94/126] test_p25_campaign_long_session.js status=0
P25 six-zone long session: PASS (73 first clears + 73 replays, 292 battle save/load cycles, 500 meta reloads, 6 one-shot zone rewards)

[95/126] test_p25_campaign_session_core.js status=0
P25 campaign session core + migration/idempotence: PASS

[96/126] test_p25_native_campaigninfo.js status=0
P25 native campaigninfo: PASS (6/6 original battle lines + 155x83 controller + pin->info->confirm flow)

[97/126] test_p26_native_campaign_selcountry.js status=0
P26 native Campaign form_selcountry: PASS

[98/126] test_p26_native_save_presentation.js status=0
P26 native form_save presentation: PASS

[99/126] test_p27_native_achievement.js status=0
P27 native form_achivement geometry/runtime entry remains covered after P28 exact semantics: PASS

[100/126] test_p28_native_achievement_exact.js status=0
P28 native achievement exact local semantics: PASS

[101/126] test_p29_native_conquest_achievement.js status=0
P29 native conquest Achievement formula + persistence: PASS

[102/126] test_p30_conquest_extinction.js status=0
P30 conquest extinction core PASS

[103/126] test_p30_conquest_extinction_matrix.js status=0
P30 conquest extinction all-country matrix PASS { cases: 98 }

[104/126] test_p30_conquest_extinction_runtime.js status=0
P30 real conquest extinction + navy-remnant + JSON reconstruction PASS { owner: 10, land: 6, navy: 2 }

[105/126] test_p30_native_conquest_complete.js status=0
P30 native Conquest form_complete + fast challenge choice flow PASS

[106/126] test_p30_native_country_failure.js status=0
P30 native form_failure + extinction notification PASS

[107/126] test_p30_native_loading.js status=0
P30 native form_loading startup contract PASS

[108/126] test_p33_visual_timing_transport.js status=0
P33 visual timing / transport / touch integration PASS

[109/126] test_p34_final_visual_closure.js status=0
P34 final visual closure contracts PASS

[110/126] test_p35_map_unit_asset_integrity.js status=0
P35 map/unit asset integrity PASS: 161 critical native-ref sprites + 877 READY visuals + 7407 battle units

[111/126] test_p35_native_presentation_hardening.js status=0
P35 native-presentation hardening PASS: HiDPI battlefield + exact transformed touch mapping + Web-chrome removal

[112/126] test_p36_native_hud_hextend.js status=0
PASS test_p36_native_hud_hextend

[113/126] test_p37_native_hud_deweb.js status=0
PASS test_p37_native_hud_deweb

[114/126] test_p38_native_hud_baselines.js status=0
PASS test_p38_native_hud_baselines

[115/126] test_p39_noon_regression_lock.js status=0
PASS test_p39_noon_regression_lock: frozen map/unit/touch/HUD invariants guarded

[116/126] test_player_infinite_resources.js status=0
PASS player infinite medals/badges + non-consuming battle consumables

[117/126] test_player_overrides.js status=0
player_general_overrides 0.61 tests: PASS

[118/126] test_player_princess_overrides.js status=0
player princess overrides PASS: all 8 unlocked; Lan/Victoria/Isabela only; no forced campaign turn-limit defeat

[119/126] test_player_unit_rules.js status=0
player unit rules PASS: attack +4/+4 lives in combat_core; HP +120; movement +2; old +40 saves migrate by delta; AI unchanged

[120/126] test_r14_runtime_contract.js status=0
r14 runtime contract PASS: SW navigation, phase/skip, camera clamp/semantic scale

[121/126] test_reinforcement_safety.js status=0
reinforcement safety PASS {"copenhagenRaw4Round4":0,"positionHighByteEquals4":13,"frenchUnitsAlreadyDecoded":3,"raw31ConstantUnits":7407,"campaign4_03_action":1}

[122/126] test_round_dialogues.js status=0
PASS native round dialogue schedule: {
  '1': 217,
  '2': 6,
  '3': 6,
  '4': 3,
  '5': 2,
  '6': 3,
  '7': 1,
  '10': 1,
  '14': 1
}

[123/126] test_shop_itemstore_contract.js status=0
shared SceneShop contract PASS {"battleStores":151,"filledSlots":515,"sellerSlots":14,"buyerSlots":28,"hqConsumables":6}

[124/126] test_stage_turn_limits.js status=0
stage turn limits PASS: 87/87 campaign BTLs, raw12>=raw13

[125/126] test_tavern_contract.js status=0
tavern contract PASS {"battles":7,"taverns":38,"sample":5}

[126/126] test_ui_contract.js status=0
ui/runtime contract PASS: pause save/load fire turn-limits country-turn-ledger r14

