PASS image_recruit_hd2/recruit_militia.png
PASS image_recruit_hd3/recruitmarker_militia.png
PASS image_recruit_hd2/recruit_line.png
PASS image_recruit_hd2/recruitmarker_line.png
PASS image_recruit_hd/recruit_light.png
PASS image_recruit_hd2/recruitmarker_light.png
PASS image_recruit_hd/recruit_grenadier.png
PASS image_recruit_hd2/recruitmarker_grenadier.png
PASS image_recruit_hd/recruit_guard.png
PASS image_recruit_hd2/recruitmarker_guard.png
PASS image_recruit_hd2/recruit_machinegun.png
PASS image_recruit_hd3/recruitmarker_machinegun.png
PASS image_recruit_hd2/recruit_lightcavalry.png
PASS image_recruit_hd2/recruitmarker_lightcavalry.png
PASS image_recruit_hd/recruit_heavycavalry.png
PASS image_recruit_hd2/recruitmarker_heavycavalry.png
PASS image_recruit_hd2/recruit_musketcavalry.png
PASS image_recruit_hd3/recruitmarker_musketcavalry.png
PASS image_recruit_hd/recruit_armoredcar.png
PASS image_recruit_hd2/recruitmarker_armoredcar.png
PASS image_recruit_hd2/recruit_lightartillery.png
PASS image_recruit_hd2/recruitmarker_lightartillery.png
PASS image_recruit_hd/recruit_heavyartillery.png
PASS image_recruit_hd2/recruitmarker_heavyartillery.png
PASS image_recruit_hd/recruit_fortressartillery.png
PASS image_recruit_hd2/recruitmarker_fortressartillery.png
PASS image_recruit_hd2/recruit_rocket.png
PASS image_recruit_hd3/recruitmarker_rocket.png
PASS image_recruit_hd/recruit_cruiser.png
PASS image_recruit_hd2/recruitmarker_cruiser.png
PASS image_recruit_hd/recruit_frigate.png
PASS image_recruit_hd2/recruitmarker_frigate.png
PASS image_recruit_hd/recruit_battleship.png
PASS image_recruit_hd2/recruitmarker_battleship.png
PASS image_recruit_hd/recruit_ironclads.png
PASS image_recruit_hd2/recruitmarker_ironclads.png
PASS image_recruit_hd3/build_smallfortress.png
PASS image_recruit_hd2/buildmarker_smallfortress.png
PASS image_recruit_hd2/build_mediumfortress.png
PASS image_recruit_hd/buildmarker_mediumfortress.png
PASS image_recruit_hd2/build_largefortress.png
PASS image_recruit_hd/buildmarker_largefortress.png
PASS image_recruit_hd2/build_coastalartillery.png
PASS image_recruit_hd/buildmarker_coastalartillery.png
RECRUIT_ART_PATHS=44/44 PASS
