Building for debugging...
[0/18] Write sources
[4/18] Write swift-version--1BA0962812E73E12.txt
[6/75] Emitting module EW4NativeCore
[7/89] Compiling EW4NativeCore NativeBattleShopCore.swift
[8/89] Compiling EW4NativeCore NativeBattleSidecarCore.swift
[9/89] Compiling EW4NativeCore NativeBattleSnapshotCore.swift
[10/89] Compiling EW4NativeCore NativeBattleTavernCore.swift
[11/89] Compiling EW4NativeCore NativeBattleUnitInfoCore.swift
[12/89] Compiling EW4NativeCore NativeCamera.swift
[13/89] Compiling EW4NativeCore NativeCampaignBattleFlowCore.swift
[14/89] Compiling EW4NativeCore NativeCampaignCore.swift
[15/89] Compiling EW4NativeCore NativeCampaignSessionCore.swift
[16/89] Compiling EW4NativeCore NativeConquestAchievementCore.swift
[17/89] Compiling EW4NativeCore NativeConquestBattleFlowCore.swift
[18/89] Compiling EW4NativeCore NativeConquestExtinctionCore.swift
[19/89] Compiling EW4NativeCore NativeGeneralDeploymentCore.swift
[20/89] Compiling EW4NativeCore NativeGeneralGrowthCore.swift
[21/89] Compiling EW4NativeCore NativeHeadquartersCommerceCore.swift
[22/89] Compiling EW4NativeCore NativeHeadquartersCore.swift
[23/89] Compiling EW4NativeCore NativeHeadquartersManagementCore.swift
[24/89] Compiling EW4NativeCore NativeImpactPresentationCore.swift
[25/89] Compiling EW4NativeCore NativeMovementCore.swift
[26/89] Compiling EW4NativeCore NativeMovementPresentationCore.swift
[27/89] Compiling EW4NativeCore NativeOptionsCore.swift
[28/89] Compiling EW4NativeCore NativeOriginalBattleModalCore.swift
[29/89] Compiling EW4NativeCore NativeOriginalBattleResultCore.swift
[30/89] Compiling EW4NativeCore NativeOriginalDefenseArtCore.swift
[31/89] Compiling EW4NativeCore NativeOriginalFormContentCore.swift
[32/89] Compiling EW4NativeCore NativeOriginalFormGeometryCore.swift
[33/89] Compiling EW4NativeCore NativeOriginalItemArtCore.swift
[34/89] Compiling EW4NativeCore NativeOriginalMainMenuCore.swift
[35/89] Compiling EW4NativeCore NativeAudioPolicyCore.swift
[36/89] Compiling EW4NativeCore NativeBattleCommerceCore.swift
[37/89] Compiling EW4NativeCore NativeBattleConstructionCore.swift
[38/89] Compiling EW4NativeCore NativeBattleConsumableCore.swift
[39/89] Compiling EW4NativeCore NativeBattleDefenseCore.swift
[40/89] Compiling EW4NativeCore NativeBattleDialogueQueueCore.swift
[41/89] Compiling EW4NativeCore NativeBattleEnvironmentCore.swift
[42/89] Compiling EW4NativeCore NativeBattleEventCore.swift
[43/89] Compiling EW4NativeCore NativeBattleHUDCore.swift
[44/89] Compiling EW4NativeCore NativeBattlePresentation.swift
[45/89] Compiling EW4NativeCore NativeBattleRecruitCore.swift
[46/89] Compiling EW4NativeCore NativeBattleRehydrationCore.swift
[47/89] Compiling EW4NativeCore NativeBattleSaveCore.swift
[48/89] Compiling EW4NativeCore NativeBattleSaveSlotStore.swift
[49/89] Compiling EW4NativeCore NativeOriginalOuterShellCore.swift
[50/89] Compiling EW4NativeCore NativeOriginalRecruitArtCore.swift
[51/89] Compiling EW4NativeCore NativePlayerProfileCore.swift
[52/89] Compiling EW4NativeCore NativePresentationLODCore.swift
[53/89] Compiling EW4NativeCore NativeResourceAudit.swift
[54/89] Compiling EW4NativeCore NativeResultCore.swift
[55/89] Compiling EW4NativeCore NativeRoundRuntimeAdapter.swift
[56/89] Compiling EW4NativeCore NativeRoundSettlementCore.swift
[57/89] Compiling EW4NativeCore NativeShopFormCore.swift
[58/89] Compiling EW4NativeCore NativeTrainingParityCore.swift
[59/89] Compiling EW4NativeCore NativeTutorialCore.swift
[60/89] Compiling EW4NativeCore NativeUnitStatusCore.swift
[61/89] Compiling EW4NativeCore PlayerUnitRules.swift
[62/89] Compiling EW4NativeCore ResourceModels.swift
[63/89] Compiling EW4NativeCore ArmyStatsCore.swift
[64/89] Compiling EW4NativeCore BattleGameplayCore.swift
[65/89] Compiling EW4NativeCore BattleSession.swift
[66/89] Compiling EW4NativeCore CombatCore.swift
[67/89] Compiling EW4NativeCore CompactBILE.swift
[68/89] Compiling EW4NativeCore CountryTurnCore.swift
[69/89] Compiling EW4NativeCore DefMotion.swift
[70/89] Compiling EW4NativeCore LogicalGeometry.swift
[71/89] Compiling EW4NativeCore NativeAIPlannerCore.swift
[72/89] Compiling EW4NativeCore NativeAIPresentationDriverCore.swift
[73/89] Compiling EW4NativeCore NativeAIRoundSimulationCore.swift
[74/89] Compiling EW4NativeCore NativeActionCameraFocusCore.swift
[75/89] Compiling EW4NativeCore NativeAnimationSequenceCore.swift
[76/89] Compiling EW4NativeCore NativeAnimationTiming.swift
[77/92] Wrapping AST for EW4NativeCore for debugging
[79/172] Compiling EW4NativeCoreTests NativeBattleDefenseCoreTests.swift
[80/172] Compiling EW4NativeCoreTests NativeBattleDialogueQueueTests.swift
[81/172] Compiling EW4NativeCoreTests NativeBattleEnvironmentTests.swift
[82/172] Compiling EW4NativeCoreTests NativeBattleEventTests.swift
[83/172] Compiling EW4NativeCoreTests NativeBattleHUDTests.swift
[84/172] Compiling EW4NativeCoreTests NativeBattleRecruitConsumableCoreTests.swift
[85/178] Emitting module EW4NativeRenderer
[86/178] Compiling EW4NativeCoreTests BILEMathTests.swift
[87/178] Compiling EW4NativeCoreTests BattleGameplayTests.swift
[88/178] Compiling EW4NativeCoreTests CombatTests.swift
[89/178] Compiling EW4NativeCoreTests CountryTurnTests.swift
[90/178] Compiling EW4NativeCoreTests GeometryTests.swift
[91/178] Compiling EW4NativeCoreTests NativeAIPlannerTests.swift
[92/178] Compiling EW4NativeCoreTests NativeBattleRecruitDefenseGameplayTests.swift
[93/178] Compiling EW4NativeCoreTests NativeBattleRehydrationTests.swift
[94/178] Compiling EW4NativeCoreTests NativeBattleSaveSlotStoreTests.swift
[95/178] Compiling EW4NativeCoreTests NativeBattleSaveTests.swift
[96/178] Compiling EW4NativeCoreTests NativeBattleShopCoreTests.swift
[97/178] Compiling EW4NativeCoreTests NativeBattleSidecarTests.swift
[98/178] Compiling EW4NativeCoreTests NativeAIPresentationDriverTests.swift
[99/178] Compiling EW4NativeCoreTests NativeActionCameraFocusCoreTests.swift
[100/178] Compiling EW4NativeCoreTests NativeAnimationSequenceTests.swift
[101/178] Compiling EW4NativeCoreTests NativeAudioPolicyCoreTests.swift
[102/178] Compiling EW4NativeCoreTests NativeBattleCommerceCoreTests.swift
[103/178] Compiling EW4NativeCoreTests NativeBattleConstructionCoreTests.swift
[104/178] Compiling EW4NativeAudit main.swift
[105/178] Emitting module EW4NativeAudit
[106/179] Wrapping AST for EW4NativeAudit for debugging
[107/179] Write Objects.LinkFileList
[109/179] Compiling EW4NativeRenderer NativeOriginalStageIntroRenderer.swift
[110/179] Compiling EW4NativeRenderer NativeOriginalTalkRenderer.swift
[111/179] Compiling EW4NativeRenderer NativeOriginalTavernRenderer.swift
[112/179] Compiling EW4NativeRenderer NativeOriginalTutorialScene.swift
[113/179] Compiling EW4NativeRenderer NativeOriginalUseItemRenderer.swift
[114/179] Compiling EW4NativeRenderer NativeResourceStore.swift
[115/180] Linking EW4NativeAudit
[119/180] Compiling EW4NativeCoreTests NativeCampaignSessionTests.swift
[120/180] Compiling EW4NativeCoreTests NativeConquestAchievementTests.swift
[121/180] Compiling EW4NativeCoreTests NativeConquestBattleFlowTests.swift
[122/180] Compiling EW4NativeCoreTests NativeConquestExtinctionTests.swift
[123/180] Compiling EW4NativeCoreTests NativeGeneralDeploymentCoreTests.swift
[124/180] Compiling EW4NativeCoreTests NativeGeneralGrowthTests.swift
[125/180] Compiling EW4NativeCoreTests NativeHeadquartersCommerceCoreTests.swift
[126/180] Compiling EW4NativeCoreTests NativeHeadquartersCoreTests.swift
[127/180] Compiling EW4NativeCoreTests NativeHeadquartersManagementCoreTests.swift
[128/180] Compiling EW4NativeCoreTests NativeImpactPresentationTests.swift
[129/180] Compiling EW4NativeCoreTests NativeMovementPresentationTests.swift
[130/193] Compiling EW4NativeCoreTests NativeNoonRegressionLockTests.swift
[131/193] Compiling EW4NativeCoreTests NativeOptionsCoreTests.swift
[132/193] Compiling EW4NativeCoreTests NativeOriginalBattleAuxFormTests.swift
[133/193] Compiling EW4NativeCoreTests NativeOriginalBattleResultTests.swift
[134/193] Compiling EW4NativeCoreTests NativeOriginalFormGeometryTests.swift
[135/193] Compiling EW4NativeCoreTests NativeOriginalMainMenuTests.swift
[136/193] Compiling EW4NativeCoreTests NativeOriginalOuterShellTests.swift
[137/193] Compiling EW4NativeCoreTests NativeOriginalRecruitFormCoreTests.swift
[138/193] Compiling EW4NativeCoreTests NativeOriginalStringFidelityTests.swift
[139/193] Compiling EW4NativeCoreTests NativeOuterCoordinatorContractTests.swift
[140/193] Compiling EW4NativeCoreTests NativePlayerEquipmentBattleParityTests.swift
[141/193] Compiling EW4NativeCoreTests NativePlayerEquipmentCombatParityTests.swift
[142/193] Compiling EW4NativeCoreTests NativePlayerProfileGrowthRuntimeTests.swift
/mnt/data/p63_work/EW4_R14_39_P63_NATIVE_CN_STRING_FIDELITY_AUDITED_PORT_ONLY_2026-09-11/SOURCE_NATIVE/EW4_iOS_NativePort/NativeCore/Tests/EW4NativeCoreTests/NativeCampaignBattleFlowTests.swift:76:35: warning: immutable value 'battle' was never used; consider replacing with '_' or removing it [#no-usage]
 74 | 
 75 | @Test func campaignVictoryCommitAwardsOnlyRatingDeltaAndUnlocksSecretOnlyOnce() throws {
 76 |     let (battles, _, _, manifest, battle, gameplay) = try campaignFlowFixture("campaign1_17.btl")
    |                                   `- warning: immutable value 'battle' was never used; consider replacing with '_' or removing it [#no-usage]
 77 |     var profile = NativePlayerProfile.fresh()
 78 |     let first = NativeCampaignBattleFlowCore.commitVictory(
/mnt/data/p63_work/EW4_R14_39_P63_NATIVE_CN_STRING_FIDELITY_AUDITED_PORT_ONLY_2026-09-11/SOURCE_NATIVE/EW4_iOS_NativePort/NativeCore/Tests/EW4NativeCoreTests/NativeCampaignBattleFlowTests.swift:76:35: warning: immutable value 'battle' was never used; consider replacing with '_' or removing it [#no-usage]
 74 | 
 75 | @Test func campaignVictoryCommitAwardsOnlyRatingDeltaAndUnlocksSecretOnlyOnce() throws {
 76 |     let (battles, _, _, manifest, battle, gameplay) = try campaignFlowFixture("campaign1_17.btl")
    |                                   `- warning: immutable value 'battle' was never used; consider replacing with '_' or removing it [#no-usage]
 77 |     var profile = NativePlayerProfile.fresh()
 78 |     let first = NativeCampaignBattleFlowCore.commitVictory(
/mnt/data/p63_work/EW4_R14_39_P63_NATIVE_CN_STRING_FIDELITY_AUDITED_PORT_ONLY_2026-09-11/SOURCE_NATIVE/EW4_iOS_NativePort/NativeCore/Tests/EW4NativeCoreTests/NativeCampaignBattleFlowTests.swift:76:35: warning: immutable value 'battle' was never used; consider replacing with '_' or removing it [#no-usage]
 74 | 
 75 | @Test func campaignVictoryCommitAwardsOnlyRatingDeltaAndUnlocksSecretOnlyOnce() throws {
 76 |     let (battles, _, _, manifest, battle, gameplay) = try campaignFlowFixture("campaign1_17.btl")
    |                                   `- warning: immutable value 'battle' was never used; consider replacing with '_' or removing it [#no-usage]
 77 |     var profile = NativePlayerProfile.fresh()
 78 |     let first = NativeCampaignBattleFlowCore.commitVictory(
/mnt/data/p63_work/EW4_R14_39_P63_NATIVE_CN_STRING_FIDELITY_AUDITED_PORT_ONLY_2026-09-11/SOURCE_NATIVE/EW4_iOS_NativePort/NativeCore/Tests/EW4NativeCoreTests/NativeCampaignBattleFlowTests.swift:76:35: warning: immutable value 'battle' was never used; consider replacing with '_' or removing it [#no-usage]
 74 | 
 75 | @Test func campaignVictoryCommitAwardsOnlyRatingDeltaAndUnlocksSecretOnlyOnce() throws {
 76 |     let (battles, _, _, manifest, battle, gameplay) = try campaignFlowFixture("campaign1_17.btl")
    |                                   `- warning: immutable value 'battle' was never used; consider replacing with '_' or removing it [#no-usage]
 77 |     var profile = NativePlayerProfile.fresh()
 78 |     let first = NativeCampaignBattleFlowCore.commitVictory(
/mnt/data/p63_work/EW4_R14_39_P63_NATIVE_CN_STRING_FIDELITY_AUDITED_PORT_ONLY_2026-09-11/SOURCE_NATIVE/EW4_iOS_NativePort/NativeCore/Tests/EW4NativeCoreTests/NativeCampaignBattleFlowTests.swift:76:35: warning: immutable value 'battle' was never used; consider replacing with '_' or removing it [#no-usage]
 74 | 
 75 | @Test func campaignVictoryCommitAwardsOnlyRatingDeltaAndUnlocksSecretOnlyOnce() throws {
 76 |     let (battles, _, _, manifest, battle, gameplay) = try campaignFlowFixture("campaign1_17.btl")
    |                                   `- warning: immutable value 'battle' was never used; consider replacing with '_' or removing it [#no-usage]
 77 |     var profile = NativePlayerProfile.fresh()
 78 |     let first = NativeCampaignBattleFlowCore.commitVictory(
/mnt/data/p63_work/EW4_R14_39_P63_NATIVE_CN_STRING_FIDELITY_AUDITED_PORT_ONLY_2026-09-11/SOURCE_NATIVE/EW4_iOS_NativePort/NativeCore/Tests/EW4NativeCoreTests/NativeCampaignBattleFlowTests.swift:76:35: warning: immutable value 'battle' was never used; consider replacing with '_' or removing it [#no-usage]
 74 | 
 75 | @Test func campaignVictoryCommitAwardsOnlyRatingDeltaAndUnlocksSecretOnlyOnce() throws {
 76 |     let (battles, _, _, manifest, battle, gameplay) = try campaignFlowFixture("campaign1_17.btl")
    |                                   `- warning: immutable value 'battle' was never used; consider replacing with '_' or removing it [#no-usage]
 77 |     var profile = NativePlayerProfile.fresh()
 78 |     let first = NativeCampaignBattleFlowCore.commitVictory(
/mnt/data/p63_work/EW4_R14_39_P63_NATIVE_CN_STRING_FIDELITY_AUDITED_PORT_ONLY_2026-09-11/SOURCE_NATIVE/EW4_iOS_NativePort/NativeCore/Tests/EW4NativeCoreTests/NativeCampaignBattleFlowTests.swift:76:35: warning: immutable value 'battle' was never used; consider replacing with '_' or removing it [#no-usage]
 74 | 
 75 | @Test func campaignVictoryCommitAwardsOnlyRatingDeltaAndUnlocksSecretOnlyOnce() throws {
 76 |     let (battles, _, _, manifest, battle, gameplay) = try campaignFlowFixture("campaign1_17.btl")
    |                                   `- warning: immutable value 'battle' was never used; consider replacing with '_' or removing it [#no-usage]
 77 |     var profile = NativePlayerProfile.fresh()
 78 |     let first = NativeCampaignBattleFlowCore.commitVictory(
/mnt/data/p63_work/EW4_R14_39_P63_NATIVE_CN_STRING_FIDELITY_AUDITED_PORT_ONLY_2026-09-11/SOURCE_NATIVE/EW4_iOS_NativePort/NativeCore/Tests/EW4NativeCoreTests/NativeCampaignBattleFlowTests.swift:76:35: warning: immutable value 'battle' was never used; consider replacing with '_' or removing it [#no-usage]
 74 | 
 75 | @Test func campaignVictoryCommitAwardsOnlyRatingDeltaAndUnlocksSecretOnlyOnce() throws {
 76 |     let (battles, _, _, manifest, battle, gameplay) = try campaignFlowFixture("campaign1_17.btl")
    |                                   `- warning: immutable value 'battle' was never used; consider replacing with '_' or removing it [#no-usage]
 77 |     var profile = NativePlayerProfile.fresh()
 78 |     let first = NativeCampaignBattleFlowCore.commitVictory(
/mnt/data/p63_work/EW4_R14_39_P63_NATIVE_CN_STRING_FIDELITY_AUDITED_PORT_ONLY_2026-09-11/SOURCE_NATIVE/EW4_iOS_NativePort/NativeCore/Tests/EW4NativeCoreTests/NativeCampaignBattleFlowTests.swift:76:35: warning: immutable value 'battle' was never used; consider replacing with '_' or removing it [#no-usage]
 74 | 
 75 | @Test func campaignVictoryCommitAwardsOnlyRatingDeltaAndUnlocksSecretOnlyOnce() throws {
 76 |     let (battles, _, _, manifest, battle, gameplay) = try campaignFlowFixture("campaign1_17.btl")
    |                                   `- warning: immutable value 'battle' was never used; consider replacing with '_' or removing it [#no-usage]
 77 |     var profile = NativePlayerProfile.fresh()
 78 |     let first = NativeCampaignBattleFlowCore.commitVictory(
/mnt/data/p63_work/EW4_R14_39_P63_NATIVE_CN_STRING_FIDELITY_AUDITED_PORT_ONLY_2026-09-11/SOURCE_NATIVE/EW4_iOS_NativePort/NativeCore/Tests/EW4NativeCoreTests/NativeCampaignBattleFlowTests.swift:76:35: warning: immutable value 'battle' was never used; consider replacing with '_' or removing it [#no-usage]
 74 | 
 75 | @Test func campaignVictoryCommitAwardsOnlyRatingDeltaAndUnlocksSecretOnlyOnce() throws {
 76 |     let (battles, _, _, manifest, battle, gameplay) = try campaignFlowFixture("campaign1_17.btl")
    |                                   `- warning: immutable value 'battle' was never used; consider replacing with '_' or removing it [#no-usage]
 77 |     var profile = NativePlayerProfile.fresh()
 78 |     let first = NativeCampaignBattleFlowCore.commitVictory(
/mnt/data/p63_work/EW4_R14_39_P63_NATIVE_CN_STRING_FIDELITY_AUDITED_PORT_ONLY_2026-09-11/SOURCE_NATIVE/EW4_iOS_NativePort/NativeCore/Tests/EW4NativeCoreTests/NativeCampaignBattleFlowTests.swift:76:35: warning: immutable value 'battle' was never used; consider replacing with '_' or removing it [#no-usage]
 74 | 
 75 | @Test func campaignVictoryCommitAwardsOnlyRatingDeltaAndUnlocksSecretOnlyOnce() throws {
 76 |     let (battles, _, _, manifest, battle, gameplay) = try campaignFlowFixture("campaign1_17.btl")
    |                                   `- warning: immutable value 'battle' was never used; consider replacing with '_' or removing it [#no-usage]
 77 |     var profile = NativePlayerProfile.fresh()
 78 |     let first = NativeCampaignBattleFlowCore.commitVictory(
/mnt/data/p63_work/EW4_R14_39_P63_NATIVE_CN_STRING_FIDELITY_AUDITED_PORT_ONLY_2026-09-11/SOURCE_NATIVE/EW4_iOS_NativePort/NativeCore/Tests/EW4NativeCoreTests/NativeCampaignBattleFlowTests.swift:76:35: warning: immutable value 'battle' was never used; consider replacing with '_' or removing it [#no-usage]
 74 | 
 75 | @Test func campaignVictoryCommitAwardsOnlyRatingDeltaAndUnlocksSecretOnlyOnce() throws {
 76 |     let (battles, _, _, manifest, battle, gameplay) = try campaignFlowFixture("campaign1_17.btl")
    |                                   `- warning: immutable value 'battle' was never used; consider replacing with '_' or removing it [#no-usage]
 77 |     var profile = NativePlayerProfile.fresh()
 78 |     let first = NativeCampaignBattleFlowCore.commitVictory(
/mnt/data/p63_work/EW4_R14_39_P63_NATIVE_CN_STRING_FIDELITY_AUDITED_PORT_ONLY_2026-09-11/SOURCE_NATIVE/EW4_iOS_NativePort/NativeCore/Tests/EW4NativeCoreTests/NativeCampaignBattleFlowTests.swift:76:35: warning: immutable value 'battle' was never used; consider replacing with '_' or removing it [#no-usage]
 74 | 
 75 | @Test func campaignVictoryCommitAwardsOnlyRatingDeltaAndUnlocksSecretOnlyOnce() throws {
 76 |     let (battles, _, _, manifest, battle, gameplay) = try campaignFlowFixture("campaign1_17.btl")
    |                                   `- warning: immutable value 'battle' was never used; consider replacing with '_' or removing it [#no-usage]
 77 |     var profile = NativePlayerProfile.fresh()
 78 |     let first = NativeCampaignBattleFlowCore.commitVictory(
/mnt/data/p63_work/EW4_R14_39_P63_NATIVE_CN_STRING_FIDELITY_AUDITED_PORT_ONLY_2026-09-11/SOURCE_NATIVE/EW4_iOS_NativePort/NativeCore/Tests/EW4NativeCoreTests/NativeCampaignBattleFlowTests.swift:76:35: warning: immutable value 'battle' was never used; consider replacing with '_' or removing it [#no-usage]
 74 | 
 75 | @Test func campaignVictoryCommitAwardsOnlyRatingDeltaAndUnlocksSecretOnlyOnce() throws {
 76 |     let (battles, _, _, manifest, battle, gameplay) = try campaignFlowFixture("campaign1_17.btl")
    |                                   `- warning: immutable value 'battle' was never used; consider replacing with '_' or removing it [#no-usage]
 77 |     var profile = NativePlayerProfile.fresh()
 78 |     let first = NativeCampaignBattleFlowCore.commitVictory(
[171/193] Emitting module EW4NativeCoreTests
[172/193] Compiling EW4NativeCoreTests NativePlayerProfileTests.swift
[173/193] Compiling EW4NativeCoreTests NativePresentationLODTests.swift
[174/193] Compiling EW4NativeCoreTests NativeProgrammaticCameraContractTests.swift
[175/193] Compiling EW4NativeCoreTests NativeResultTests.swift
[176/193] Compiling EW4NativeCoreTests NativeRoundRuntimeAdapterTests.swift
[177/193] Compiling EW4NativeCoreTests NativeRoundSettlementTests.swift
[178/193] Compiling EW4NativeCoreTests NativeShopFormCoreTests.swift
[179/193] Compiling EW4NativeCoreTests NativeTrainingParityTests.swift
[180/193] Compiling EW4NativeCoreTests NativeTutorialCoreTests.swift
[181/193] Compiling EW4NativeCoreTests NativeUnitStatusTests.swift
[182/193] Compiling EW4NativeCoreTests PresentationTests.swift
[183/193] Compiling EW4NativeCoreTests TestResourcePaths.swift
[184/193] Compiling EW4NativeCoreTests VisualResolverTests.swift
[185/194] /mnt/data/p63_work/EW4_R14_39_P63_NATIVE_CN_STRING_FIDELITY_AUDITED_PORT_ONLY_2026-09-11/SOURCE_NATIVE/EW4_iOS_NativePort/NativeCore/.build/x86_64-unknown-linux-gnu/debug/EW4NativeCorePackageDiscoveredTests.derived/all-discovered-tests.swift
[186/194] Write sources
[187/194] Wrapping AST for EW4NativeCoreTests for debugging
[189/197] Emitting module EW4NativeCorePackageDiscoveredTests
[190/197] Compiling EW4NativeCorePackageDiscoveredTests all-discovered-tests.swift
[191/197] Compiling EW4NativeCorePackageDiscoveredTests EW4NativeCoreTests.swift
[192/198] /mnt/data/p63_work/EW4_R14_39_P63_NATIVE_CN_STRING_FIDELITY_AUDITED_PORT_ONLY_2026-09-11/SOURCE_NATIVE/EW4_iOS_NativePort/NativeCore/.build/x86_64-unknown-linux-gnu/debug/EW4NativeCorePackageTests.derived/runner.swift
[193/198] Write sources
[194/198] Wrapping AST for EW4NativeCorePackageDiscoveredTests for debugging
[196/200] Emitting module EW4NativeCorePackageTests
[197/200] Compiling EW4NativeCorePackageTests runner.swift
[198/201] Wrapping AST for EW4NativeCorePackageTests for debugging
[199/201] Write Objects.LinkFileList
[200/201] Linking EW4NativeCorePackageTests.xctest
Build complete! (26.64s)
Test Suite 'Selected tests' started at 2026-09-11 13:29:05.515
Test Suite 'Selected tests' passed at 2026-09-11 13:29:05.517
	 Executed 0 tests, with 0 failures (0 unexpected) in 0.0 (0.0) seconds
◇ Test run started.
↳ Testing Library Version: 6.2.1 (c9d57c83568b06d)
↳ Target Platform: x86_64-unknown-linux-gnu
◇ Test p63ShopSurfacesBindOriginalCNShopStrings() started.
◇ Test p63BattleFormsUseOriginalCNTitleKeys() started.
◇ Test p63OriginalCNStringAuthorityValuesAreFrozen() started.
◇ Test p63StageIntroUsesOriginalCNKeysInsteadOfInventedBestVictoryCopy() started.
✔ Test p63BattleFormsUseOriginalCNTitleKeys() passed after 0.001 seconds.
✔ Test p63StageIntroUsesOriginalCNKeysInsteadOfInventedBestVictoryCopy() passed after 0.001 seconds.
✔ Test p63ShopSurfacesBindOriginalCNShopStrings() passed after 0.001 seconds.
✔ Test p63OriginalCNStringAuthorityValuesAreFrozen() passed after 0.002 seconds.
✔ Test run with 4 tests in 0 suites passed after 0.003 seconds.
