PASS Sources/EW4NativeAudit/main.swift
PASS Sources/EW4NativeCore/ArmyStatsCore.swift
PASS Sources/EW4NativeCore/BattleGameplayCore.swift
PASS Sources/EW4NativeCore/BattleSession.swift
PASS Sources/EW4NativeCore/CombatCore.swift
PASS Sources/EW4NativeCore/CompactBILE.swift
PASS Sources/EW4NativeCore/CountryTurnCore.swift
PASS Sources/EW4NativeCore/DefMotion.swift
PASS Sources/EW4NativeCore/LogicalGeometry.swift
PASS Sources/EW4NativeCore/NativeAIPlannerCore.swift
PASS Sources/EW4NativeCore/NativeAIPresentationDriverCore.swift
PASS Sources/EW4NativeCore/NativeAIRoundSimulationCore.swift
PASS Sources/EW4NativeCore/NativeActionCameraFocusCore.swift
PASS Sources/EW4NativeCore/NativeAnimationSequenceCore.swift
PASS Sources/EW4NativeCore/NativeAnimationTiming.swift
PASS Sources/EW4NativeCore/NativeAudioPolicyCore.swift
PASS Sources/EW4NativeCore/NativeBattleCommerceCore.swift
PASS Sources/EW4NativeCore/NativeBattleConstructionCore.swift
PASS Sources/EW4NativeCore/NativeBattleConsumableCore.swift
PASS Sources/EW4NativeCore/NativeBattleDefenseCore.swift
PASS Sources/EW4NativeCore/NativeBattleDialogueQueueCore.swift
PASS Sources/EW4NativeCore/NativeBattleEnvironmentCore.swift
PASS Sources/EW4NativeCore/NativeBattleEventCore.swift
PASS Sources/EW4NativeCore/NativeBattleHUDCore.swift
PASS Sources/EW4NativeCore/NativeBattlePresentation.swift
PASS Sources/EW4NativeCore/NativeBattleRecruitCore.swift
PASS Sources/EW4NativeCore/NativeBattleRehydrationCore.swift
PASS Sources/EW4NativeCore/NativeBattleSaveCore.swift
PASS Sources/EW4NativeCore/NativeBattleSaveSlotStore.swift
PASS Sources/EW4NativeCore/NativeBattleShopCore.swift
PASS Sources/EW4NativeCore/NativeBattleSidecarCore.swift
PASS Sources/EW4NativeCore/NativeBattleSnapshotCore.swift
PASS Sources/EW4NativeCore/NativeBattleTavernCore.swift
PASS Sources/EW4NativeCore/NativeBattleUnitInfoCore.swift
PASS Sources/EW4NativeCore/NativeCamera.swift
PASS Sources/EW4NativeCore/NativeCampaignBattleFlowCore.swift
PASS Sources/EW4NativeCore/NativeCampaignCore.swift
PASS Sources/EW4NativeCore/NativeCampaignSessionCore.swift
PASS Sources/EW4NativeCore/NativeConquestAchievementCore.swift
PASS Sources/EW4NativeCore/NativeConquestBattleFlowCore.swift
PASS Sources/EW4NativeCore/NativeConquestExtinctionCore.swift
PASS Sources/EW4NativeCore/NativeGeneralDeploymentCore.swift
PASS Sources/EW4NativeCore/NativeGeneralGrowthCore.swift
PASS Sources/EW4NativeCore/NativeHeadquartersCommerceCore.swift
PASS Sources/EW4NativeCore/NativeHeadquartersCore.swift
PASS Sources/EW4NativeCore/NativeHeadquartersManagementCore.swift
PASS Sources/EW4NativeCore/NativeImpactPresentationCore.swift
PASS Sources/EW4NativeCore/NativeMovementCore.swift
PASS Sources/EW4NativeCore/NativeMovementPresentationCore.swift
PASS Sources/EW4NativeCore/NativeOptionsCore.swift
PASS Sources/EW4NativeCore/NativeOriginalBattleModalCore.swift
PASS Sources/EW4NativeCore/NativeOriginalBattleResultCore.swift
PASS Sources/EW4NativeCore/NativeOriginalDefenseArtCore.swift
PASS Sources/EW4NativeCore/NativeOriginalFormContentCore.swift
PASS Sources/EW4NativeCore/NativeOriginalFormGeometryCore.swift
PASS Sources/EW4NativeCore/NativeOriginalItemArtCore.swift
PASS Sources/EW4NativeCore/NativeOriginalMainMenuCore.swift
PASS Sources/EW4NativeCore/NativeOriginalOuterShellCore.swift
PASS Sources/EW4NativeCore/NativeOriginalPlayNoticeCore.swift
PASS Sources/EW4NativeCore/NativeOriginalRecruitArtCore.swift
PASS Sources/EW4NativeCore/NativePlayerProfileCore.swift
PASS Sources/EW4NativeCore/NativePresentationLODCore.swift
PASS Sources/EW4NativeCore/NativeResourceAudit.swift
PASS Sources/EW4NativeCore/NativeResultCore.swift
PASS Sources/EW4NativeCore/NativeRoundRuntimeAdapter.swift
PASS Sources/EW4NativeCore/NativeRoundSettlementCore.swift
PASS Sources/EW4NativeCore/NativeShopFormCore.swift
PASS Sources/EW4NativeCore/NativeTrainingParityCore.swift
PASS Sources/EW4NativeCore/NativeTutorialCore.swift
PASS Sources/EW4NativeCore/NativeUnitStatusCore.swift
PASS Sources/EW4NativeCore/PlayerUnitRules.swift
PASS Sources/EW4NativeCore/ResourceModels.swift
PASS Sources/EW4NativeRenderer/BILEFrameRasterizer.swift
PASS Sources/EW4NativeRenderer/NativeAudioController.swift
PASS Sources/EW4NativeRenderer/NativeBattleActionStripRenderer.swift
PASS Sources/EW4NativeRenderer/NativeBattleScene.swift
PASS Sources/EW4NativeRenderer/NativeOriginalAcademyScene.swift
PASS Sources/EW4NativeRenderer/NativeOriginalActionResourceRenderer.swift
PASS Sources/EW4NativeRenderer/NativeOriginalBattleGeneralDeploymentRenderer.swift
PASS Sources/EW4NativeRenderer/NativeOriginalBattleModalRenderer.swift
PASS Sources/EW4NativeRenderer/NativeOriginalBattleResultRenderer.swift
PASS Sources/EW4NativeRenderer/NativeOriginalBattleShopRenderer.swift
PASS Sources/EW4NativeRenderer/NativeOriginalBattleUnitInfoRenderer.swift
PASS Sources/EW4NativeRenderer/NativeOriginalDefenseRenderer.swift
PASS Sources/EW4NativeRenderer/NativeOriginalDeployItemScene.swift
PASS Sources/EW4NativeRenderer/NativeOriginalDismissScene.swift
PASS Sources/EW4NativeRenderer/NativeOriginalGeneralInfoSurface.swift
PASS Sources/EW4NativeRenderer/NativeOriginalHQShopScene.swift
PASS Sources/EW4NativeRenderer/NativeOriginalHeadquartersScene.swift
PASS Sources/EW4NativeRenderer/NativeOriginalMainMenuScene.swift
PASS Sources/EW4NativeRenderer/NativeOriginalMarketRenderer.swift
PASS Sources/EW4NativeRenderer/NativeOriginalOptionsScene.swift
PASS Sources/EW4NativeRenderer/NativeOriginalOuterCompletionRenderer.swift
PASS Sources/EW4NativeRenderer/NativeOriginalOuterMenuScene.swift
PASS Sources/EW4NativeRenderer/NativeOriginalRecruitUnitRenderer.swift
PASS Sources/EW4NativeRenderer/NativeOriginalRegroupScene.swift
PASS Sources/EW4NativeRenderer/NativeOriginalStageIntroRenderer.swift
PASS Sources/EW4NativeRenderer/NativeOriginalTalkRenderer.swift
PASS Sources/EW4NativeRenderer/NativeOriginalTavernRenderer.swift
PASS Sources/EW4NativeRenderer/NativeOriginalTutorialScene.swift
PASS Sources/EW4NativeRenderer/NativeOriginalUseItemRenderer.swift
PASS Sources/EW4NativeRenderer/NativeResourceStore.swift
PASS Tests/EW4NativeCoreTests/BILEMathTests.swift
PASS Tests/EW4NativeCoreTests/BattleGameplayTests.swift
PASS Tests/EW4NativeCoreTests/CombatTests.swift
PASS Tests/EW4NativeCoreTests/CountryTurnTests.swift
PASS Tests/EW4NativeCoreTests/GeometryTests.swift
PASS Tests/EW4NativeCoreTests/NativeAIPlannerTests.swift
PASS Tests/EW4NativeCoreTests/NativeAIPresentationDriverTests.swift
PASS Tests/EW4NativeCoreTests/NativeActionCameraFocusCoreTests.swift
PASS Tests/EW4NativeCoreTests/NativeAnimationSequenceTests.swift
PASS Tests/EW4NativeCoreTests/NativeAudioPolicyCoreTests.swift
PASS Tests/EW4NativeCoreTests/NativeBattleCommerceCoreTests.swift
PASS Tests/EW4NativeCoreTests/NativeBattleConstructionCoreTests.swift
PASS Tests/EW4NativeCoreTests/NativeBattleDefenseCoreTests.swift
PASS Tests/EW4NativeCoreTests/NativeBattleDialogueQueueTests.swift
PASS Tests/EW4NativeCoreTests/NativeBattleEnvironmentTests.swift
PASS Tests/EW4NativeCoreTests/NativeBattleEventTests.swift
PASS Tests/EW4NativeCoreTests/NativeBattleHUDTests.swift
PASS Tests/EW4NativeCoreTests/NativeBattleRecruitConsumableCoreTests.swift
PASS Tests/EW4NativeCoreTests/NativeBattleRecruitDefenseGameplayTests.swift
PASS Tests/EW4NativeCoreTests/NativeBattleRehydrationTests.swift
PASS Tests/EW4NativeCoreTests/NativeBattleSaveSlotStoreTests.swift
PASS Tests/EW4NativeCoreTests/NativeBattleSaveTests.swift
PASS Tests/EW4NativeCoreTests/NativeBattleShopCoreTests.swift
PASS Tests/EW4NativeCoreTests/NativeBattleSidecarTests.swift
PASS Tests/EW4NativeCoreTests/NativeBattleSnapshotTests.swift
PASS Tests/EW4NativeCoreTests/NativeBattleTavernCoreTests.swift
PASS Tests/EW4NativeCoreTests/NativeBattleUnitInfoCoreTests.swift
PASS Tests/EW4NativeCoreTests/NativeCampaignBattleFlowTests.swift
PASS Tests/EW4NativeCoreTests/NativeCampaignCoreTests.swift
PASS Tests/EW4NativeCoreTests/NativeCampaignRuntimeEndTests.swift
PASS Tests/EW4NativeCoreTests/NativeCampaignSessionTests.swift
PASS Tests/EW4NativeCoreTests/NativeConquestAchievementTests.swift
PASS Tests/EW4NativeCoreTests/NativeConquestBattleFlowTests.swift
PASS Tests/EW4NativeCoreTests/NativeConquestExtinctionTests.swift
PASS Tests/EW4NativeCoreTests/NativeGeneralDeploymentCoreTests.swift
PASS Tests/EW4NativeCoreTests/NativeGeneralGrowthTests.swift
PASS Tests/EW4NativeCoreTests/NativeHeadquartersCommerceCoreTests.swift
PASS Tests/EW4NativeCoreTests/NativeHeadquartersCoreTests.swift
PASS Tests/EW4NativeCoreTests/NativeHeadquartersManagementCoreTests.swift
PASS Tests/EW4NativeCoreTests/NativeImpactPresentationTests.swift
PASS Tests/EW4NativeCoreTests/NativeMovementPresentationTests.swift
PASS Tests/EW4NativeCoreTests/NativeNoonRegressionLockTests.swift
PASS Tests/EW4NativeCoreTests/NativeOptionsCoreTests.swift
PASS Tests/EW4NativeCoreTests/NativeOriginalBattleAuxFormTests.swift
PASS Tests/EW4NativeCoreTests/NativeOriginalBattleResultTests.swift
PASS Tests/EW4NativeCoreTests/NativeOriginalFormGeometryTests.swift
PASS Tests/EW4NativeCoreTests/NativeOriginalMainMenuTests.swift
PASS Tests/EW4NativeCoreTests/NativeOriginalOuterShellTests.swift
PASS Tests/EW4NativeCoreTests/NativeOriginalRecruitFormCoreTests.swift
PASS Tests/EW4NativeCoreTests/NativeOriginalStringFidelityTests.swift
PASS Tests/EW4NativeCoreTests/NativeOuterCoordinatorContractTests.swift
PASS Tests/EW4NativeCoreTests/NativePlayerEquipmentBattleParityTests.swift
PASS Tests/EW4NativeCoreTests/NativePlayerEquipmentCombatParityTests.swift
PASS Tests/EW4NativeCoreTests/NativePlayerProfileGrowthRuntimeTests.swift
PASS Tests/EW4NativeCoreTests/NativePlayerProfileTests.swift
PASS Tests/EW4NativeCoreTests/NativePresentationLODTests.swift
PASS Tests/EW4NativeCoreTests/NativeProgrammaticCameraContractTests.swift
PASS Tests/EW4NativeCoreTests/NativeResultTests.swift
PASS Tests/EW4NativeCoreTests/NativeRoundRuntimeAdapterTests.swift
PASS Tests/EW4NativeCoreTests/NativeRoundSettlementTests.swift
PASS Tests/EW4NativeCoreTests/NativeShopFormCoreTests.swift
PASS Tests/EW4NativeCoreTests/NativeTrainingParityTests.swift
PASS Tests/EW4NativeCoreTests/NativeTutorialCoreTests.swift
PASS Tests/EW4NativeCoreTests/NativeUnitStatusTests.swift
PASS Tests/EW4NativeCoreTests/P64BattleModalStringFidelityTests.swift
PASS Tests/EW4NativeCoreTests/P65OuterHQStringFidelityTests.swift
PASS Tests/EW4NativeCoreTests/P66TutorialRegroupFidelityTests.swift
PASS Tests/EW4NativeCoreTests/P67PlayNoticeScrollFidelityTests.swift
PASS Tests/EW4NativeCoreTests/P68RegroupConfirmPreviewFidelityTests.swift
PASS Tests/EW4NativeCoreTests/P69MainRegroupFormFidelityTests.swift
PASS Tests/EW4NativeCoreTests/PresentationTests.swift
PASS Tests/EW4NativeCoreTests/TestResourcePaths.swift
PASS Tests/EW4NativeCoreTests/VisualResolverTests.swift
COUNT=175 FAIL=0
